// Jest Snapshot v1, https://goo.gl/fbAQLP

exports[`Button snapshot matches 1`] = `
<button
  class="button secondary test classes"
  data-testid="button"
>
  click me
</button>
`;
