// Vitest Snapshot v1, https://vitest.dev/guide/snapshot.html

exports[`The User page > when no user context is provided > should match snapshot 1`] = `
<div>
  <section>
    <h2>
      This is the User page - view other peoples lists.
    </h2>
  </section>
</div>
`;
