// Jest Snapshot v1, https://goo.gl/fbAQLP

exports[`FormLineItem snapshot matches 1`] = `
<label
  class="formLineItem test classes"
  data-testid="FormLineItem"
>
  <span>
    this is the input
  </span>
  &lt;textarea &gt;&lt;/textarea&gt;
</label>
`;
